// Jest Snapshot v1, https://goo.gl/fbAQLP

exports[`PasswordInput Component should match snapshot for PasswordInput 1`] = `
<div>
  <div
    class="chakra-input__group css-bx0blc"
    data-group="true"
  >
    <input
      class="chakra-input css-1n0hj84"
      data-testid="password-input"
      type="password"
      value="Abc@123"
    />
    <div
      class="chakra-input__right-element css-vcnsx7"
    >
      <button
        class="chakra-button css-4xx2wk"
        type="button"
      >
        <svg
          fill="none"
          height="16"
          viewBox="0 0 24 24"
          width="16"
          xmlns="http://www.w3.org/2000/svg"
        >
          <path
            d="M1 12C1 12 5 4 12 4C19 4 23 12 23 12"
            stroke="#13296A"
            stroke-linecap="round"
            stroke-linejoin="round"
            stroke-width="2"
          />
          <path
            d="M1 12C1 12 5 20 12 20C19 20 23 12 23 12"
            stroke="#13296A"
            stroke-linecap="round"
            stroke-linejoin="round"
            stroke-width="2"
          />
          <circle
            cx="12"
            cy="12"
            r="3"
            stroke="#13296A"
            stroke-linecap="round"
            stroke-linejoin="round"
            stroke-width="2"
          />
        </svg>
      </button>
    </div>
  </div>
</div>
`;
