// Jest Snapshot v1, https://goo.gl/fbAQLP

exports[`Table Component should match the snapshot 1`] = `
<div>
  <div
    class="chakra-table__container css-zipzvv"
  >
    <table
      class="chakra-table css-0"
    >
      <thead
        class="css-0"
      >
        <tr
          class="css-0"
        >
          <th
            class="css-ujzx5o"
          >
            ID
          </th>
          <th
            class="css-ujzx5o"
          >
            Name
          </th>
        </tr>
      </thead>
      <tbody
        class="css-0"
      >
        <tr
          class="css-1t3b6fg"
        >
          <td
            class="css-4e3ndm"
          >
            1
          </td>
          <td
            class="css-4e3ndm"
          >
            Item 1
          </td>
        </tr>
        <tr
          class="css-bgbn71"
        >
          <td
            class="css-4e3ndm"
          >
            2
          </td>
          <td
            class="css-4e3ndm"
          >
            Item 2
          </td>
        </tr>
        <tr
          class="css-pb1fbr"
        >
          <td
            class="css-4e3ndm"
          >
            3
          </td>
          <td
            class="css-4e3ndm"
          >
            Item 3
          </td>
        </tr>
      </tbody>
    </table>
  </div>
</div>
`;
