// Jest Snapshot v1, https://goo.gl/fbAQLP

exports[`LoadingIndicator component should match snapshot 1`] = `
<div>
  <div
    class="css-1t7pcsk"
  >
    <div
      class="chakra-spinner css-1y7joxr"
    >
      <span
        class="css-8b45rq"
      >
        Loading...
      </span>
    </div>
  </div>
</div>
`;
