// Jest Snapshot v1, https://goo.gl/fbAQLP

exports[`UploadImage Component renders match snapshot 1`] = `
<div>
  <div
    class="css-1ya6kzr"
  >
    <div
      class="css-1jij6rs"
    >
      <div
        class="css-759u60"
      >
        <svg
          fill="none"
          height="24px"
          viewBox="0 0 24 24"
          width="24px"
          xmlns="http://www.w3.org/2000/svg"
        >
          <path
            d="M12 4.5L12 14.5M12 4.5C11.2998 4.5 9.99153 6.4943 9.5 7M12 4.5C12.7002 4.5 14.0085 6.4943 14.5 7"
            stroke="#141B34"
            stroke-linecap="round"
            stroke-linejoin="round"
            stroke-width="1.5"
          />
          <path
            d="M20 16.5C20 18.982 19.482 19.5 17 19.5H7C4.518 19.5 4 18.982 4 16.5"
            stroke="#141B34"
            stroke-linecap="round"
            stroke-linejoin="round"
            stroke-width="1.5"
          />
        </svg>
        <p
          class="chakra-text css-1yhdc23"
        >
          Upload Image
        </p>
      </div>
      <input
        accept="image/png, image/webp, image/jpeg"
        class="chakra-input css-0"
        data-testid="upload"
        hidden=""
        name="upload"
        type="file"
      />
    </div>
  </div>
</div>
`;
